// Jest Snapshot v1, https://goo.gl/fbAQLP

exports[`SchemaFormContainer renders 1`] = `
<SchemaForm
  clearForm={[Function]}
  formName="test-form"
  registerForm={[Function]}
  registeredSchema={
    Object {
      "properties": Object {
        "name": Object {
          "type": "string",
        },
      },
      "type": "object",
    }
  }
  submitForm={[Function]}
/>
`;
