// Jest Snapshot v1, https://goo.gl/fbAQLP

exports[`ArrayFieldContainer renders 1`] = `
<ArrayField
  addArrayItem={[Function]}
  blurField={[Function]}
  collapseAllArrayItems={[Function]}
  config={Immutable.Map {}}
  expandAllArrayItems={[Function]}
  fieldAction={[Function]}
  formName="test-form"
  initializeArray={[Function]}
  length={3}
  path="users"
  removeArrayItem={[Function]}
  schema={
    Immutable.Map {
      "type": "array",
      "items": Immutable.Map {
        "type": "object",
        "properties": Immutable.Map {
          "email": Immutable.Map {
            "type": "string",
          },
          "firstName": Immutable.Map {
            "type": "string",
          },
          "lastName": Immutable.Map {
            "type": "string",
          },
        },
      },
    }
  }
  swapArrayItems={[Function]}
  toggleArrayItem={[Function]}
  ui={
    Immutable.Map {
      "arrayKeys": Immutable.List [],
      "collapsed": Immutable.Set [],
    }
  }
/>
`;
