// Jest Snapshot v1, https://goo.gl/fbAQLP

exports[`ArrayFieldContainer renders 1`] = `
<ArrayField
  addArrayItem={[Function]}
  blurField={[Function]}
  collapseAllArrayItems={[Function]}
  config={Object {}}
  expandAllArrayItems={[Function]}
  fieldAction={[Function]}
  formName="test-form"
  initializeArray={[Function]}
  path="users"
  removeArrayItem={[Function]}
  schema={
    Object {
      "items": Object {
        "properties": Object {
          "email": Object {
            "type": "string",
          },
          "firstName": Object {
            "type": "string",
          },
          "lastName": Object {
            "type": "string",
          },
        },
        "type": "object",
      },
      "type": "array",
    }
  }
  swapArrayItems={[Function]}
  toggleArrayItem={[Function]}
  ui={
    Object {
      "arrayKeys": Array [],
      "collapsed": Set {},
    }
  }
/>
`;
